0 verbose cli /vercel/runtimes/node24/bin/node /vercel/runtimes/node24/bin/npm
1 info using npm@11.11.0
2 info using node@v24.14.1
3 silly config load:file:/vercel/runtimes/node24/lib/node_modules/npm/npmrc
4 silly config load:file:/vercel/share/v0-project/far/.npmrc
5 silly config load:file:/home/vercel-sandbox/.npmrc
6 silly config load:file:/home/vercel-sandbox/.global/npm/etc/npmrc
7 verbose title npm audit
8 verbose argv "audit" "--omit" "dev"
9 verbose logfile logs-max:10 dir:/vercel/share/v0-project/far/.npm-cache/_logs/2026-06-13T10_43_30_423Z-
10 verbose logfile /vercel/share/v0-project/far/.npm-cache/_logs/2026-06-13T10_43_30_423Z-debug-0.log
11 silly logfile done cleaning log files
12 silly packumentCache heap:2348810240 maxSize:587202560 maxEntrySize:293601280
13 silly audit bulk request {
13 silly audit   semver: [ '6.3.1', '7.7.4' ],
13 silly audit   'balanced-match': [ '1.0.2' ],
13 silly audit   'brace-expansion': [ '1.1.14' ],
13 silly audit   minimatch: [ '3.1.5' ],
13 silly audit   '@fontsource/inter': [ '5.2.8' ],
13 silly audit   '@fontsource/jetbrains-mono': [ '5.2.8' ],
13 silly audit   '@fontsource/playfair-display': [ '5.2.8' ],
13 silly audit   '@fortawesome/fontawesome-free': [ '7.2.0' ],
13 silly audit   '@kurkle/color': [ '0.3.4' ],
13 silly audit   '@mapbox/node-pre-gyp': [ '1.0.11' ],
13 silly audit   '@types/trusted-types': [ '2.0.7' ],
13 silly audit   abbrev: [ '1.1.1' ],
13 silly audit   'agent-base': [ '6.0.2' ],
13 silly audit   'ansi-regex': [ '5.0.1' ],
13 silly audit   aproba: [ '2.1.0' ],
13 silly audit   'are-we-there-yet': [ '2.0.0' ],
13 silly audit   'safe-buffer': [ '5.2.1' ],
13 silly audit   'emoji-regex': [ '8.0.0' ],
13 silly audit   'string-width': [ '4.2.3' ],
13 silly audit   'strip-ansi': [ '6.0.1' ],
13 silly audit   'chart.js': [ '4.5.1' ],
13 silly audit   'color-support': [ '1.1.3' ],
13 silly audit   'concat-map': [ '0.0.1' ],
13 silly audit   'console-control-strings': [ '1.1.0' ],
13 silly audit   debug: [ '4.4.3' ],
13 silly audit   delegates: [ '1.0.0' ],
13 silly audit   'detect-libc': [ '2.1.2' ],
13 silly audit   dompurify: [ '3.4.0' ],
13 silly audit   'signal-exit': [ '3.0.7' ],
13 silly audit   'fs-minipass': [ '2.1.0' ],
13 silly audit   minipass: [ '3.3.6', '5.0.0' ],
13 silly audit   'fs.realpath': [ '1.0.0' ],
13 silly audit   'fuse.js': [ '7.0.0' ],
13 silly audit   gauge: [ '3.0.2' ],
13 silly audit   glob: [ '7.2.3' ],
13 silly audit   'has-unicode': [ '2.0.1' ],
13 silly audit   'https-proxy-agent': [ '5.0.1' ],
13 silly audit   inflight: [ '1.0.6' ],
13 silly audit   inherits: [ '2.0.4' ],
13 silly audit   'is-fullwidth-code-point': [ '3.0.0' ],
13 silly audit   yallist: [ '4.0.0' ],
13 silly audit   'make-dir': [ '3.1.0' ],
13 silly audit   marked: [ '9.1.6' ],
13 silly audit   minizlib: [ '2.1.2' ],
13 silly audit   mkdirp: [ '1.0.4' ],
13 silly audit   ms: [ '2.1.3' ],
13 silly audit   nan: [ '2.26.2' ],
13 silly audit   'node-fetch': [ '2.7.0' ],
13 silly audit   tr46: [ '0.0.3' ],
13 silly audit   'webidl-conversions': [ '3.0.1' ],
13 silly audit   'whatwg-url': [ '5.0.0' ],
13 silly audit   nopt: [ '5.0.0' ],
13 silly audit   npmlog: [ '5.0.1' ],
13 silly audit   'object-assign': [ '4.1.1' ],
13 silly audit   once: [ '1.4.0' ],
13 silly audit   'path-is-absolute': [ '1.0.1' ],
13 silly audit   'path2d-polyfill': [ '2.0.1' ],
13 silly audit   'pdfjs-dist': [ '3.11.174' ],
13 silly audit   canvas: [ '2.11.2' ],
13 silly audit   'decompress-response': [ '4.2.1' ],
13 silly audit   'mimic-response': [ '2.1.0' ],
13 silly audit   'simple-get': [ '3.1.1' ],
13 silly audit   'readable-stream': [ '3.6.2' ],
13 silly audit   rimraf: [ '3.0.2' ],
13 silly audit   'set-blocking': [ '2.0.0' ],
13 silly audit   'simple-concat': [ '1.0.1' ],
13 silly audit   string_decoder: [ '1.3.0' ],
13 silly audit   tar: [ '6.2.1' ],
13 silly audit   chownr: [ '2.0.0' ],
13 silly audit   'util-deprecate': [ '1.0.2' ],
13 silly audit   'wide-align': [ '1.1.5' ],
13 silly audit   wrappy: [ '1.0.2' ]
13 silly audit }
14 http fetch POST 200 https://registry.npmjs.org/-/npm/v1/security/advisories/bulk 125ms
15 silly audit report {
15 silly audit report   'pdfjs-dist': [
15 silly audit report     {
15 silly audit report       id: 1118732,
15 silly audit report       url: 'https://github.com/advisories/GHSA-wgrm-67xf-hhpq',
15 silly audit report       title: 'PDF.js vulnerable to arbitrary JavaScript execution upon opening a malicious PDF',
15 silly audit report       severity: 'high',
15 silly audit report       vulnerable_versions: '<=4.1.392',
15 silly audit report       cwe: [Array],
15 silly audit report       cvss: [Object]
15 silly audit report     }
15 silly audit report   ],
15 silly audit report   tar: [
15 silly audit report     {
15 silly audit report       id: 1112659,
15 silly audit report       url: 'https://github.com/advisories/GHSA-34x7-hfp2-rc4v',
15 silly audit report       title: 'node-tar Vulnerable to Arbitrary File Creation/Overwrite via Hardlink Path Traversal',
15 silly audit report       severity: 'high',
15 silly audit report       vulnerable_versions: '<7.5.7',
15 silly audit report       cwe: [Array],
15 silly audit report       cvss: [Object]
15 silly audit report     },
15 silly audit report     {
15 silly audit report       id: 1113300,
15 silly audit report       url: 'https://github.com/advisories/GHSA-8qq5-rm4j-mr97',
15 silly audit report       title: 'node-tar is Vulnerable to Arbitrary File Overwrite and Symlink Poisoning via Insufficient Path Sanitization',
15 silly audit report       severity: 'high',
15 silly audit report       vulnerable_versions: '<=7.5.2',
15 silly audit report       cwe: [Array],
15 silly audit report       cvss: [Object]
15 silly audit report     },
15 silly audit report     {
15 silly audit report       id: 1113375,
15 silly audit report       url: 'https://github.com/advisories/GHSA-83g3-92jg-28cx',
15 silly audit report       title: 'Arbitrary File Read/Write via Hardlink Target Escape Through Symlink Chain in node-tar Extraction',
15 silly audit report       severity: 'high',
15 silly audit report       vulnerable_versions: '<7.5.8',
15 silly audit report       cwe: [Array],
15 silly audit report       cvss: [Object]
15 silly audit report     },
15 silly audit report     {
15 silly audit report       id: 1114200,
15 silly audit report       url: 'https://github.com/advisories/GHSA-qffp-2rhf-9h96',
15 silly audit report       title: 'tar has Hardlink Path Traversal via Drive-Relative Linkpath',
15 silly audit report       severity: 'high',
15 silly audit report       vulnerable_versions: '<=7.5.9',
15 silly audit report       cwe: [Array],
15 silly audit report       cvss: [Object]
15 silly audit report     },
15 silly audit report     {
15 silly audit report       id: 1114302,
15 silly audit report       url: 'https://github.com/advisories/GHSA-9ppj-qmqm-q256',
15 silly audit report       title: 'node-tar Symlink Path Traversal via Drive-Relative Linkpath',
15 silly audit report       severity: 'high',
15 silly audit report       vulnerable_versions: '<=7.5.10',
15 silly audit report       cwe: [Array],
15 silly audit report       cvss: [Object]
15 silly audit report     },
15 silly audit report     {
15 silly audit report       id: 1114680,
15 silly audit report       url: 'https://github.com/advisories/GHSA-r6q2-hw4h-h46w',
15 silly audit report       title: 'Race Condition in node-tar Path Reservations via Unicode Ligature Collisions on macOS APFS',
15 silly audit report       severity: 'high',
15 silly audit report       vulnerable_versions: '<=7.5.3',
15 silly audit report       cwe: [Array],
15 silly audit report       cvss: [Object]
15 silly audit report     }
15 silly audit report   ]
15 silly audit report }
16 silly packumentCache corgi:https://registry.npmjs.org/pdfjs-dist cache-miss
17 silly packumentCache corgi:https://registry.npmjs.org/tar cache-miss
18 http fetch GET 200 https://registry.npmjs.org/pdfjs-dist 35ms (cache revalidated)
19 silly packumentCache corgi:https://registry.npmjs.org/pdfjs-dist set size:839393 disposed:false
20 http fetch GET 200 https://registry.npmjs.org/tar 60ms (cache revalidated)
21 silly packumentCache corgi:https://registry.npmjs.org/tar set size:202125 disposed:false
22 silly packumentCache corgi:https://registry.npmjs.org/@mapbox%2fnode-pre-gyp cache-miss
23 http fetch GET 200 https://registry.npmjs.org/@mapbox%2fnode-pre-gyp 30ms (cache revalidated)
24 silly packumentCache corgi:https://registry.npmjs.org/@mapbox%2fnode-pre-gyp set size:47144 disposed:false
25 silly packumentCache corgi:https://registry.npmjs.org/canvas cache-miss
26 http fetch GET 200 https://registry.npmjs.org/canvas 19ms (cache revalidated)
27 silly packumentCache corgi:https://registry.npmjs.org/canvas set size:135314 disposed:false
28 verbose cwd /vercel/share/v0-project/far
29 verbose os Linux 5.10.174
30 verbose node v24.14.1
31 verbose npm  v11.11.0
32 verbose exit 1
33 verbose code 1
